Warning: config.json not found, using defaults.
Config: net_name=Brain_Visual_Encoder_EEG, blur_levels=['l_1', 'l_3', 'l_15', 'l_21', 'l_33', 'l_45', 'l_57', 'l_63'], use_evnet=True
Found 10 model files:
  Brain_Visual_Encoder_EEG_sub1_seed21_select.pth
  Brain_Visual_Encoder_EEG_sub1_seed22_select.pth
  Brain_Visual_Encoder_EEG_sub1_seed23_select.pth
  Brain_Visual_Encoder_EEG_sub1_seed24_select.pth
  Brain_Visual_Encoder_EEG_sub1_seed25_select.pth
  Brain_Visual_Encoder_EEG_sub1_seed26_select.pth
  Brain_Visual_Encoder_EEG_sub1_seed27_select.pth
  Brain_Visual_Encoder_EEG_sub1_seed28_select.pth
  Brain_Visual_Encoder_EEG_sub1_seed29_select.pth
  Brain_Visual_Encoder_EEG_sub1_seed30_select.pth

Loading test data...
Loaded EVNet features: test=200
Test dataset size: 200

[1/10] Loading model: Brain_Visual_Encoder_EEG_sub1_seed21_select.pth
  EEG embeddings: torch.Size([200, 1024]), Image embeddings: torch.Size([200, 1024])

[2/10] Loading model: Brain_Visual_Encoder_EEG_sub1_seed22_select.pth
  EEG embeddings: torch.Size([200, 1024]), Image embeddings: torch.Size([200, 1024])

[3/10] Loading model: Brain_Visual_Encoder_EEG_sub1_seed23_select.pth
  EEG embeddings: torch.Size([200, 1024]), Image embeddings: torch.Size([200, 1024])

[4/10] Loading model: Brain_Visual_Encoder_EEG_sub1_seed24_select.pth
  EEG embeddings: torch.Size([200, 1024]), Image embeddings: torch.Size([200, 1024])

[5/10] Loading model: Brain_Visual_Encoder_EEG_sub1_seed25_select.pth
  EEG embeddings: torch.Size([200, 1024]), Image embeddings: torch.Size([200, 1024])

[6/10] Loading model: Brain_Visual_Encoder_EEG_sub1_seed26_select.pth
  EEG embeddings: torch.Size([200, 1024]), Image embeddings: torch.Size([200, 1024])

[7/10] Loading model: Brain_Visual_Encoder_EEG_sub1_seed27_select.pth
  EEG embeddings: torch.Size([200, 1024]), Image embeddings: torch.Size([200, 1024])

[8/10] Loading model: Brain_Visual_Encoder_EEG_sub1_seed28_select.pth
  EEG embeddings: torch.Size([200, 1024]), Image embeddings: torch.Size([200, 1024])

[9/10] Loading model: Brain_Visual_Encoder_EEG_sub1_seed29_select.pth
  EEG embeddings: torch.Size([200, 1024]), Image embeddings: torch.Size([200, 1024])

[10/10] Loading model: Brain_Visual_Encoder_EEG_sub1_seed30_select.pth
  EEG embeddings: torch.Size([200, 1024]), Image embeddings: torch.Size([200, 1024])

============================================================
Per-seed Hungarian retrieval results:
============================================================
  Seed  1: Top1(std)=0.8500  Top5(std)=0.9800  Top1(Hun)=0.9750  Top5(Hun)=1.0000
  Seed  2: Top1(std)=0.8650  Top5(std)=0.9850  Top1(Hun)=0.9550  Top5(Hun)=1.0000
  Seed  3: Top1(std)=0.8650  Top5(std)=0.9900  Top1(Hun)=0.9750  Top5(Hun)=1.0000
  Seed  4: Top1(std)=0.8400  Top5(std)=0.9850  Top1(Hun)=0.9600  Top5(Hun)=1.0000
  Seed  5: Top1(std)=0.8550  Top5(std)=0.9850  Top1(Hun)=0.9750  Top5(Hun)=1.0000
  Seed  6: Top1(std)=0.8450  Top5(std)=0.9800  Top1(Hun)=0.9600  Top5(Hun)=1.0000
  Seed  7: Top1(std)=0.8600  Top5(std)=0.9850  Top1(Hun)=0.9850  Top5(Hun)=1.0000
  Seed  8: Top1(std)=0.8450  Top5(std)=0.9850  Top1(Hun)=0.9850  Top5(Hun)=1.0000
  Seed  9: Top1(std)=0.8500  Top5(std)=0.9800  Top1(Hun)=0.9750  Top5(Hun)=1.0000
  Seed 10: Top1(std)=0.8550  Top5(std)=0.9900  Top1(Hun)=0.9850  Top5(Hun)=1.0000

============================================================
Ensemble (mean embeddings across seeds):
============================================================
  Top1(std)=0.8550  Top5(std)=0.9900  Top1(Hun)=0.9850  Top5(Hun)=1.0000

============================================================
Summary (mean ± std over seeds):
============================================================
  top1_standard       : 0.8530 ± 0.0081
  top5_standard       : 0.9845 ± 0.0035
  top1_hungarian      : 0.9730 ± 0.0105
  top5_hungarian      : 1.0000 ± 0.0000

  Ensemble top1_standard       : 0.8550
  Ensemble top5_standard       : 0.9900
  Ensemble top1_hungarian      : 0.9850
  Ensemble top5_hungarian      : 1.0000

Results saved to: hungarian/sel/hungarian_retrieval_results.json
Warning: config.json not found, using defaults.
Config: net_name=Brain_Visual_Encoder_EEG, blur_levels=['l_1', 'l_3', 'l_15', 'l_21', 'l_33', 'l_45', 'l_57', 'l_63'], use_evnet=True
Found 10 model files:
  Brain_Visual_Encoder_EEG_sub1_seed21_best.pth
  Brain_Visual_Encoder_EEG_sub1_seed22_best.pth
  Brain_Visual_Encoder_EEG_sub1_seed23_best.pth
  Brain_Visual_Encoder_EEG_sub1_seed24_best.pth
  Brain_Visual_Encoder_EEG_sub1_seed25_best.pth
  Brain_Visual_Encoder_EEG_sub1_seed26_best.pth
  Brain_Visual_Encoder_EEG_sub1_seed27_best.pth
  Brain_Visual_Encoder_EEG_sub1_seed28_best.pth
  Brain_Visual_Encoder_EEG_sub1_seed29_best.pth
  Brain_Visual_Encoder_EEG_sub1_seed30_best.pth

Loading test data...
Loaded EVNet features: test=200
Test dataset size: 200

[1/10] Loading model: Brain_Visual_Encoder_EEG_sub1_seed21_best.pth
  EEG embeddings: torch.Size([200, 1024]), Image embeddings: torch.Size([200, 1024])

[2/10] Loading model: Brain_Visual_Encoder_EEG_sub1_seed22_best.pth
  EEG embeddings: torch.Size([200, 1024]), Image embeddings: torch.Size([200, 1024])

[3/10] Loading model: Brain_Visual_Encoder_EEG_sub1_seed23_best.pth
  EEG embeddings: torch.Size([200, 1024]), Image embeddings: torch.Size([200, 1024])

[4/10] Loading model: Brain_Visual_Encoder_EEG_sub1_seed24_best.pth
  EEG embeddings: torch.Size([200, 1024]), Image embeddings: torch.Size([200, 1024])

[5/10] Loading model: Brain_Visual_Encoder_EEG_sub1_seed25_best.pth
  EEG embeddings: torch.Size([200, 1024]), Image embeddings: torch.Size([200, 1024])

[6/10] Loading model: Brain_Visual_Encoder_EEG_sub1_seed26_best.pth
  EEG embeddings: torch.Size([200, 1024]), Image embeddings: torch.Size([200, 1024])

[7/10] Loading model: Brain_Visual_Encoder_EEG_sub1_seed27_best.pth
  EEG embeddings: torch.Size([200, 1024]), Image embeddings: torch.Size([200, 1024])

[8/10] Loading model: Brain_Visual_Encoder_EEG_sub1_seed28_best.pth
  EEG embeddings: torch.Size([200, 1024]), Image embeddings: torch.Size([200, 1024])

[9/10] Loading model: Brain_Visual_Encoder_EEG_sub1_seed29_best.pth
  EEG embeddings: torch.Size([200, 1024]), Image embeddings: torch.Size([200, 1024])

[10/10] Loading model: Brain_Visual_Encoder_EEG_sub1_seed30_best.pth
  EEG embeddings: torch.Size([200, 1024]), Image embeddings: torch.Size([200, 1024])

============================================================
Per-seed Hungarian retrieval results:
============================================================
  Seed  1: Top1(std)=0.8850  Top5(std)=0.9850  Top1(Hun)=0.9650  Top5(Hun)=1.0000
  Seed  2: Top1(std)=0.9050  Top5(std)=0.9800  Top1(Hun)=0.9700  Top5(Hun)=1.0000
  Seed  3: Top1(std)=0.8800  Top5(std)=0.9900  Top1(Hun)=0.9750  Top5(Hun)=1.0000
  Seed  4: Top1(std)=0.8850  Top5(std)=0.9850  Top1(Hun)=0.9700  Top5(Hun)=1.0000
  Seed  5: Top1(std)=0.8950  Top5(std)=0.9900  Top1(Hun)=0.9750  Top5(Hun)=1.0000
  Seed  6: Top1(std)=0.8800  Top5(std)=0.9850  Top1(Hun)=0.9700  Top5(Hun)=1.0000
  Seed  7: Top1(std)=0.9100  Top5(std)=0.9900  Top1(Hun)=0.9650  Top5(Hun)=1.0000
  Seed  8: Top1(std)=0.8900  Top5(std)=0.9800  Top1(Hun)=0.9650  Top5(Hun)=1.0000
  Seed  9: Top1(std)=0.8850  Top5(std)=0.9850  Top1(Hun)=0.9750  Top5(Hun)=1.0000
  Seed 10: Top1(std)=0.8750  Top5(std)=0.9850  Top1(Hun)=0.9750  Top5(Hun)=1.0000

============================================================
Ensemble (mean embeddings across seeds):
============================================================
  Top1(std)=0.8850  Top5(std)=0.9850  Top1(Hun)=0.9850  Top5(Hun)=1.0000

============================================================
Summary (mean ± std over seeds):
============================================================
  top1_standard       : 0.8890 ± 0.0107
  top5_standard       : 0.9855 ± 0.0035
  top1_hungarian      : 0.9705 ± 0.0042
  top5_hungarian      : 1.0000 ± 0.0000

  Ensemble top1_standard       : 0.8850
  Ensemble top5_standard       : 0.9850
  Ensemble top1_hungarian      : 0.9850
  Ensemble top5_hungarian      : 1.0000

Results saved to: hungarian/best/hungarian_retrieval_results.json
