2026-04-16 10:50:37,474 - INFO - running
2026-04-16 10:51:22,830 - DEBUG - PyTorch version 2.8.0+cu129 available.
2026-04-16 10:51:26,995 - INFO - 🖥️ 可用GPU数量: 1
2026-04-16 10:51:27,001 - INFO - ✅ 训练集 CLIP embedding 已存在: jhaidata/image-eeg-data/train_clip.pt
2026-04-16 10:51:27,002 - INFO - ✅ 测试集 CLIP embedding 已存在: jhaidata/image-eeg-data/test_clip.pt
2026-04-16 10:51:55,252 - INFO - --- EEG 数据加载完成 ---
2026-04-16 10:51:55,253 - INFO - EEG 形状: torch.Size([16540, 63, 250])
2026-04-16 10:51:55,253 - INFO - CLIP 形状: torch.Size([16540, 1024])
2026-04-16 10:51:57,059 - INFO - --- EEG 数据加载完成 ---
2026-04-16 10:51:57,059 - INFO - EEG 形状: torch.Size([200, 63, 250])
2026-04-16 10:51:57,059 - INFO - CLIP 形状: torch.Size([200, 1024])
2026-04-16 10:51:57,060 - INFO - Train dataset size: 16540
2026-04-16 10:51:57,060 - INFO - Test dataset size: 200
2026-04-16 10:51:57,060 - INFO - ✅ Batch size: 512
2026-04-16 10:51:57,060 - INFO - ✅ Num workers: 0
2026-04-16 10:51:57,826 - INFO - 
============================================================
2026-04-16 10:51:57,827 - INFO - 开始训练 ATM 模型
2026-04-16 10:51:57,827 - INFO - ============================================================
2026-04-16 10:51:57,829 - INFO - 开始训练，设备: cuda, Epochs: 40
2026-04-16 10:56:55,164 - INFO - Epoch [5/40], Loss: 5.1762, LR: 0.000289
2026-04-16 11:01:50,042 - INFO - Epoch [10/40], Loss: 3.3276, LR: 0.000256
2026-04-16 11:06:44,653 - INFO - Epoch [15/40], Loss: 1.7709, LR: 0.000207
2026-04-16 11:11:39,535 - INFO - Epoch [20/40], Loss: 0.9874, LR: 0.000150
2026-04-16 11:16:34,231 - INFO - Epoch [25/40], Loss: 0.6589, LR: 0.000093
2026-04-16 11:21:29,036 - INFO - Epoch [30/40], Loss: 0.5374, LR: 0.000044
2026-04-16 11:26:23,603 - INFO - Epoch [35/40], Loss: 0.4962, LR: 0.000011
2026-04-16 11:31:18,315 - INFO - Epoch [40/40], Loss: 0.4850, LR: 0.000000
2026-04-16 11:31:18,744 - INFO - EEG embeds count: 1
2026-04-16 11:31:18,744 - INFO - CLIP embeds count: 1
2026-04-16 11:31:18,745 - INFO - EEG embeddings shape: torch.Size([200, 1024])
2026-04-16 11:31:18,745 - INFO - CLIP embeddings shape: torch.Size([200, 1024])
2026-04-16 11:31:19,264 - INFO - 
--- 评估结果 ---
2026-04-16 11:31:19,265 - INFO - Top-1 Accuracy: 12.00%
2026-04-16 11:31:19,265 - INFO - Top-5 Accuracy: 33.50%
